// Jest Snapshot v1, https://goo.gl/fbAQLP

exports[`UnauthenticatedClassroomApp it can render 1`] = `[Function]`;
